<testsuites name="results">
  <testsuite name="all" package="all">
    <property name="random_seed" value="1788627429" />
    <testcase name="test_add" classname="testbench" file="/home/unuse/verilog-cpu-project/testbench.py" lineno="5" time="0.0016412734985351562" sim_time_ns="80.0" ratio_time="48742.638001162115" />
  </testsuite>
</testsuites>